// Jest Snapshot v1, https://goo.gl/fbAQLP

exports[`Header Should match snapshot 1`] = `"<div class=\\"styled__StHeader-sc-1tsr6h6-0 fTINvS\\"><div class=\\"styled__StLogo-sc-43rsya-0 dbUcsz\\"><img src=\\"./public/assets/images/logo.png\\"/><h1>DuoDef</h1></div><div class=\\"styled__StControl-sc-11j0e6i-0 ijvvqC\\"><button id=\\"theme_btn\\" value=\\"light\\" color=\\"white\\" font-size=\\"26px\\" height=\\"10vh\\" width=\\"60px\\" class=\\"styled__StButton-sc-16ybruj-0 bKbfkZ\\">ðŸŒ—</button><button id=\\"theme_btn\\" value=\\"dark\\" color=\\"white\\" font-size=\\"26px\\" height=\\"10vh\\" width=\\"60px\\" class=\\"styled__StButton-sc-16ybruj-0 bKbfkZ\\">ðŸŒ—</button><button id=\\"en\\" value=\\"en\\" color=\\"white\\" font-size=\\"26px\\" height=\\"10vh\\" width=\\"60px\\" class=\\"styled__StButton-sc-16ybruj-0 bKbfkZ\\">EN</button><button id=\\"ru\\" value=\\"ru\\" color=\\"white\\" font-size=\\"26px\\" height=\\"10vh\\" width=\\"60px\\" class=\\"styled__StButton-sc-16ybruj-0 bKbfkZ\\">RU</button></div></div>"`;
